Drill report for E:\PCBs\MSX\OmegaMSX_1_1MKV\Mainboard\Omega-Mainboard.kicad_pcb
Created on 20-11-2021 1:33:02 PM

Copper Layer Stackup:
    =============================================================
    L1 :  F.Cu                      front
    L2 :  B.Cu                      back


Drill file 'Omega-Mainboard-PTH.drl' contains
    plated through holes:
    =============================================================
    T1  0,40mm  0,016"  (579 holes)
    T2  0,50mm  0,020"  (37 holes)
    T3  0,64mm  0,025"  (64 holes)
    T4  0,80mm  0,031"  (994 holes)
    T5  0,81mm  0,032"  (30 holes)
    T6  0,89mm  0,035"  (4 holes)
    T7  1,00mm  0,039"  (138 holes)  (with 3 slots)
    T8  1,02mm  0,040"  (102 holes)
    T9  1,04mm  0,041"  (14 holes)
    T10  1,19mm  0,047"  (35 holes)
    T11  1,50mm  0,059"  (20 holes)
    T12  1,57mm  0,062"  (2 holes)
    T13  2,29mm  0,090"  (3 holes)
    T14  2,67mm  0,105"  (6 holes)
    T15  3,00mm  0,118"  (11 holes)
    T16  3,05mm  0,120"  (2 holes)
    T17  3,20mm  0,126"  (4 holes)

    Total plated holes count 2045


Drill file 'Omega-Mainboard-NPTH.drl' contains
    unplated through holes:
    =============================================================

    Total unplated holes count 0
